=============================================================
      TravianT4.6 API Integration Test Suite
=============================================================
API Base: http://localhost:5000
Testing endpoints with maxed test accounts

Checking if API server is running... [0;32m✅ Server is running[0m

[1;33m━━━━━━━━━━━━━━━━━━━━━━━━━━━━━━━━━━━━━━━━━━━━━[0m
[1;33m  PHASE 4A: CORE GAMEPLAY (26 endpoints)[0m
[1;33m━━━━━━━━━━━━━━━━━━━━━━━━━━━━━━━━━━━━━━━━━━━━━[0m

┌─────────────────────────────────────────────┐
│  Village API (5 endpoints)                  │
└─────────────────────────────────────────────┘
